// Vitest Snapshot v1, https://vitest.dev/guide/snapshot.html

exports[`generateWorld > golden seed: chunks are byte-identical too 1`] = `
"{
  "schema_version": 1,
  "id": "chunk-0-1",
  "terrain": {
    "biome": "meadow",
    "grid_size": 9,
    "heights": [
      0.565,
      0.562,
      0.557,
      0.553,
      0.556,
      0.569,
      0.588,
      0.61,
      0.633,
      0.581,
      0.572,
      0.553,
      0.534,
      0.528,
      0.544,
      0.581,
      0.627,
      0.671,
      0.594,
      0.585,
      0.567,
      0.55,
      0.545,
      0.565,
      0.604,
      0.653,
      0.702,
      0.628,
      0.62,
      0.601,
      0.584,
      0.582,
      0.604,
      0.646,
      0.697,
      0.748,
      0.667,
      0.658,
      0.639,
      0.623,
      0.622,
      0.647,
      0.691,
      0.743,
      0.796,
      0.693,
      0.684,
      0.665,
      0.65,
      0.651,
      0.679,
      0.725,
      0.779,
      0.834,
      0.684,
      0.677,
      0.663,
      0.652,
      0.658,
      0.689,
      0.737,
      0.794,
      0.851,
      0.617,
      0.618,
      0.625,
      0.638,
      0.661,
      0.696,
      0.742,
      0.795,
      0.85,
      0.521,
      0.535,
      0.571,
      0.617,
      0.664,
      0.703,
      0.745,
      0.79,
      0.839
    ]
  },
  "palette": [
    "#e7dcc6",
    "#5a8344",
    "#e6a937",
    "#272d4f"
  ],
  "props": [
    {
      "asset": "stall-red",
      "position": [
        3.326,
        0.579,
        4.333
      ],
      "rotation_y": 4.268,
      "scale": 1.072
    },
    {
      "asset": "stall-red",
      "position": [
        8.678,
        0.667,
        11.67
      ],
      "rotation_y": 1.636,
      "scale": 0.942
    },
    {
      "asset": "fountain-round",
      "position": [
        4.097,
        0.602,
        6.114
      ],
      "rotation_y": 0.058,
      "scale": 1.048
    }
  ],
  "nav": {
    "nodes": [
      {
        "id": "heart",
        "position": [
          8,
          0.622,
          8
        ]
      },
      {
        "id": "wander",
        "position": [
          10.255,
          0.658,
          8.306
        ]
      },
      {
        "id": "gate-chunk-1-1",
        "position": [
          15,
          0.77,
          8
        ]
      }
    ],
    "edges": [
      [
        "heart",
        "wander"
      ],
      [
        "heart",
        "gate-chunk-1-1"
      ]
    ],
    "portals": [
      {
        "node": "gate-chunk-1-1",
        "to_chunk": "chunk-1-1"
      }
    ]
  },
  "npcs": [],
  "lore": []
}"
`;

exports[`generateWorld > golden seed: same charter + seed ⇒ byte-identical manifest 1`] = `
"{
  "schema_version": 1,
  "world": "Fableton",
  "seed": 20260702,
  "chunks": [
    {
      "id": "chunk-0-1",
      "path": "chunks/chunk-0-1.json",
      "origin": [
        0,
        16
      ],
      "adjacent": [
        "chunk-1-1"
      ]
    },
    {
      "id": "chunk-1-1",
      "path": "chunks/chunk-1-1.json",
      "origin": [
        16,
        16
      ],
      "adjacent": [
        "chunk-0-1",
        "chunk-1-2",
        "chunk-2-1"
      ]
    },
    {
      "id": "chunk-1-2",
      "path": "chunks/chunk-1-2.json",
      "origin": [
        16,
        32
      ],
      "adjacent": [
        "chunk-1-1"
      ]
    },
    {
      "id": "chunk-2-0",
      "path": "chunks/chunk-2-0.json",
      "origin": [
        32,
        0
      ],
      "adjacent": [
        "chunk-2-1"
      ]
    },
    {
      "id": "chunk-2-1",
      "path": "chunks/chunk-2-1.json",
      "origin": [
        32,
        16
      ],
      "adjacent": [
        "chunk-1-1",
        "chunk-2-0"
      ]
    }
  ]
}"
`;
